Component: ARM Compiler 5.06 update 1 (build 61) Tool: armlink [4d35a8]

==============================================================================

Section Cross References

    main.o(i.ADC_IRQHandler) refers to main.o(.data) for .data
    main.o(i.app_error_handler) refers to nrf_delay.o(i.nrf_delay_ms) for nrf_delay_ms
    main.o(i.assert_nrf_callback) refers to main.o(i.app_error_handler) for app_error_handler
    main.o(i.ble_evt_dispatch) refers to device_manager_peripheral.o(i.dm_ble_evt_handler) for dm_ble_evt_handler
    main.o(i.ble_evt_dispatch) refers to ble_conn_params.o(i.ble_conn_params_on_ble_evt) for ble_conn_params_on_ble_evt
    main.o(i.ble_evt_dispatch) refers to ble_advertising.o(i.ble_advertising_on_ble_evt) for ble_advertising_on_ble_evt
    main.o(i.ble_evt_dispatch) refers to ble_bas.o(i.ble_bas_on_ble_evt) for ble_bas_on_ble_evt
    main.o(i.ble_evt_dispatch) refers to main.o(.data) for .data
    main.o(i.ble_evt_dispatch) refers to main.o(.bss) for .bss
    main.o(i.conn_params_error_handler) refers to main.o(i.app_error_handler) for app_error_handler
    main.o(i.device_manager_evt_handler) refers to main.o(i.app_error_handler) for app_error_handler
    main.o(i.main) refers to memseta.o(.text) for __aeabi_memset
    main.o(i.main) refers to app_timer.o(i.app_timer_init) for app_timer_init
    main.o(i.main) refers to softdevice_handler.o(i.softdevice_handler_init) for softdevice_handler_init
    main.o(i.main) refers to softdevice_handler.o(i.softdevice_ble_evt_handler_set) for softdevice_ble_evt_handler_set
    main.o(i.main) refers to softdevice_handler.o(i.softdevice_sys_evt_handler_set) for softdevice_sys_evt_handler_set
    main.o(i.main) refers to pstorage.o(i.pstorage_init) for pstorage_init
    main.o(i.main) refers to device_manager_peripheral.o(i.dm_init) for dm_init
    main.o(i.main) refers to main.o(i.__ARM_common_memclr1_5) for __ARM_common_memclr1_5
    main.o(i.main) refers to device_manager_peripheral.o(i.dm_register) for dm_register
    main.o(i.main) refers to printf8.o(i.__0sprintf$8) for __2sprintf
    main.o(i.main) refers to strlen.o(.text) for strlen
    main.o(i.main) refers to our_service.o(i.our_service_init) for our_service_init
    main.o(i.main) refers to ble_bas.o(i.ble_bas_init) for ble_bas_init
    main.o(i.main) refers to ble_srv_common.o(i.ble_srv_ascii_to_utf8) for ble_srv_ascii_to_utf8
    main.o(i.main) refers to ble_dis.o(i.ble_dis_init) for ble_dis_init
    main.o(i.main) refers to ble_advertising.o(i.ble_advertising_init) for ble_advertising_init
    main.o(i.main) refers to ble_conn_params.o(i.ble_conn_params_init) for ble_conn_params_init
    main.o(i.main) refers to i2c_hal.o(i.I2c_Init) for I2c_Init
    main.o(i.main) refers to i2c_hal.o(i.DelayMicroSeconds) for DelayMicroSeconds
    main.o(i.main) refers to sht2x.o(i.SHT2x_SoftReset) for SHT2x_SoftReset
    main.o(i.main) refers to app_timer.o(i.app_timer_create) for app_timer_create
    main.o(i.main) refers to app_timer.o(i.app_timer_start) for app_timer_start
    main.o(i.main) refers to ble_advertising.o(i.ble_advertising_start) for ble_advertising_start
    main.o(i.main) refers to main.o(i.measurement_timer_handler) for measurement_timer_handler
    main.o(i.main) refers to main.o(i.app_error_handler) for app_error_handler
    main.o(i.main) refers to main.o(.bss) for .bss
    main.o(i.main) refers to main.o(i.ble_evt_dispatch) for ble_evt_dispatch
    main.o(i.main) refers to main.o(i.sys_evt_dispatch) for sys_evt_dispatch
    main.o(i.main) refers to main.o(i.device_manager_evt_handler) for device_manager_evt_handler
    main.o(i.main) refers to main.o(.data) for .data
    main.o(i.main) refers to main.o(.constdata) for .constdata
    main.o(i.main) refers to main.o(i.on_adv_evt) for on_adv_evt
    main.o(i.main) refers to main.o(i.on_conn_params_evt) for on_conn_params_evt
    main.o(i.main) refers to main.o(i.conn_params_error_handler) for conn_params_error_handler
    main.o(i.measure_temperature_and_humidity) refers to sht2x.o(i.SHT2x_MeasurePoll) for SHT2x_MeasurePoll
    main.o(i.measure_temperature_and_humidity) refers to nrf_delay.o(i.nrf_delay_ms) for nrf_delay_ms
    main.o(i.measure_temperature_and_humidity) refers to sht2x.o(i.SHT2x_CalcTemperatureC) for SHT2x_CalcTemperatureC
    main.o(i.measure_temperature_and_humidity) refers to sht2x.o(i.SHT2x_CalcRH) for SHT2x_CalcRH
    main.o(i.measure_temperature_and_humidity) refers to main.o(.data) for .data
    main.o(i.measurement_timer_handler) refers to sht2x.o(i.SHT2x_MeasurePoll) for SHT2x_MeasurePoll
    main.o(i.measurement_timer_handler) refers to nrf_delay.o(i.nrf_delay_ms) for nrf_delay_ms
    main.o(i.measurement_timer_handler) refers to our_service.o(i.set_temperature) for set_temperature
    main.o(i.measurement_timer_handler) refers to our_service.o(i.set_humidity) for set_humidity
    main.o(i.measurement_timer_handler) refers to our_service.o(i.set_temperature_log) for set_temperature_log
[...]
    Removing pstorage.o(.rev16_text), (4 bytes).
    Removing pstorage.o(.revsh_text), (4 bytes).
    Removing app_button.o(.rev16_text), (4 bytes).
    Removing app_button.o(.revsh_text), (4 bytes).
    Removing app_button.o(i.app_button_disable), (44 bytes).
    Removing app_button.o(i.app_button_enable), (40 bytes).
    Removing app_button.o(i.app_button_init), (128 bytes).
    Removing app_button.o(i.app_button_is_pushed), (44 bytes).
    Removing app_button.o(i.detection_delay_timeout_handler), (96 bytes).
    Removing app_button.o(i.gpiote_event_handler), (76 bytes).
    Removing app_button.o(.constdata), (4 bytes).
    Removing app_button.o(.data), (24 bytes).
    Removing app_error.o(.rev16_text), (4 bytes).
    Removing app_error.o(.revsh_text), (4 bytes).
    Removing app_error.o(i.app_error_handler), (28 bytes).
    Removing app_timer.o(.rev16_text), (4 bytes).
    Removing app_timer.o(.revsh_text), (4 bytes).
    Removing app_timer.o(i.app_timer_cnt_diff_compute), (12 bytes).
    Removing app_timer.o(i.app_timer_cnt_get), (16 bytes).
    Removing app_timer.o(i.app_timer_stop_all), (180 bytes).
    Removing retarget.o(.rev16_text), (4 bytes).
    Removing retarget.o(.revsh_text), (4 bytes).
    Removing retarget.o(i.fgetc), (18 bytes).
    Removing retarget.o(i.fputc), (14 bytes).
    Removing retarget.o(.data), (4 bytes).
    Removing retarget.o(.data), (4 bytes).
    Removing softdevice_handler.o(.rev16_text), (4 bytes).
    Removing softdevice_handler.o(.revsh_text), (4 bytes).
    Removing softdevice_handler.o(i.intern_softdevice_events_execute), (128 bytes).
    Removing softdevice_handler.o(i.softdevice_handler_sd_disable), (24 bytes).
    Removing i2c_hal.o(.rev16_text), (4 bytes).
    Removing i2c_hal.o(.revsh_text), (4 bytes).
    Removing sht2x.o(.rev16_text), (4 bytes).
    Removing sht2x.o(.revsh_text), (4 bytes).
    Removing sht2x.o(i.SHT2x_CheckCrc), (66 bytes).
    Removing sht2x.o(i.SHT2x_GetSerialNumber), (202 bytes).
    Removing sht2x.o(i.SHT2x_MeasureHM), (220 bytes).
    Removing sht2x.o(i.SHT2x_ReadUserRegister), (124 bytes).
    Removing sht2x.o(i.SHT2x_WriteUserRegister), (44 bytes).
    Removing sht2x.o(.constdata), (2 bytes).
    Removing arm_startup_nrf51.o(HEAP), (2048 bytes).
    Removing system_nrf51.o(.rev16_text), (4 bytes).
    Removing system_nrf51.o(.revsh_text), (4 bytes).
    Removing system_nrf51.o(i.SystemCoreClockUpdate), (16 bytes).
    Removing ddiv.o(.text), (240 bytes).
    Removing dfixul.o(.text), (64 bytes).

145 unused section(s) (total 11698 bytes) removed from the image.

==============================================================================

Image Symbol Table

    Local Symbols

    Symbol Name                              Value     Ov Type        Size  Object(Section)

    ../clib/microlib/division.c              0x00000000   Number         0  idiv.o ABSOLUTE
    ../clib/microlib/division.c              0x00000000   Number         0  uldiv.o ABSOLUTE
    ../clib/microlib/division.c              0x00000000   Number         0  uidiv.o ABSOLUTE
    ../clib/microlib/init/entry.s            0x00000000   Number         0  entry10a.o ABSOLUTE
    ../clib/microlib/init/entry.s            0x00000000   Number         0  entry2.o ABSOLUTE
    ../clib/microlib/init/entry.s            0x00000000   Number         0  entry9a.o ABSOLUTE
    ../clib/microlib/init/entry.s            0x00000000   Number         0  entry7a.o ABSOLUTE
    ../clib/microlib/init/entry.s            0x00000000   Number         0  entry8b.o ABSOLUTE
    ../clib/microlib/init/entry.s            0x00000000   Number         0  entry8a.o ABSOLUTE
    ../clib/microlib/init/entry.s            0x00000000   Number         0  entry7b.o ABSOLUTE
    ../clib/microlib/init/entry.s            0x00000000   Number         0  entry5.o ABSOLUTE
    ../clib/microlib/init/entry.s            0x00000000   Number         0  entry11b.o ABSOLUTE
    ../clib/microlib/init/entry.s            0x00000000   Number         0  entry11a.o ABSOLUTE
    ../clib/microlib/init/entry.s            0x00000000   Number         0  entry10b.o ABSOLUTE
    ../clib/microlib/init/entry.s            0x00000000   Number         0  entry.o ABSOLUTE
    ../clib/microlib/init/entry.s            0x00000000   Number         0  entry9b.o ABSOLUTE
    ../clib/microlib/longlong.c              0x00000000   Number         0  llushr.o ABSOLUTE
    ../clib/microlib/longlong.c              0x00000000   Number         0  llshl.o ABSOLUTE
    ../clib/microlib/longlong.c              0x00000000   Number         0  llsshr.o ABSOLUTE
    ../clib/microlib/printf/printf.c         0x00000000   Number         0  printf5.o ABSOLUTE
    ../clib/microlib/printf/printf.c         0x00000000   Number         0  printf6.o ABSOLUTE
    ../clib/microlib/printf/printf.c         0x00000000   Number         0  printf8.o ABSOLUTE
    ../clib/microlib/printf/printf.c         0x00000000   Number         0  printf3.o ABSOLUTE
    ../clib/microlib/printf/printf.c         0x00000000   Number         0  printf2.o ABSOLUTE
    ../clib/microlib/printf/printf.c         0x00000000   Number         0  printf1.o ABSOLUTE
    ../clib/microlib/printf/printf.c         0x00000000   Number         0  printf0.o ABSOLUTE
    ../clib/microlib/printf/printf.c         0x00000000   Number         0  printfb.o ABSOLUTE
    ../clib/microlib/printf/printf.c         0x00000000   Number         0  printfa.o ABSOLUTE
    ../clib/microlib/printf/printf.c         0x00000000   Number         0  printf4.o ABSOLUTE
    ../clib/microlib/printf/printf.c         0x00000000   Number         0  printf7.o ABSOLUTE
    ../clib/microlib/printf/stubs.s          0x00000000   Number         0  stubs.o ABSOLUTE
    ../clib/microlib/string/memcmp.c         0x00000000   Number         0  memcmp.o ABSOLUTE
    ../clib/microlib/string/memcpy.c         0x00000000   Number         0  memcpyb.o ABSOLUTE
    ../clib/microlib/string/memcpy.c         0x00000000   Number         0  memcpya.o ABSOLUTE
    ../clib/microlib/string/memset.c         0x00000000   Number         0  memseta.o ABSOLUTE
    ../clib/microlib/string/strlen.c         0x00000000   Number         0  strlen.o ABSOLUTE
    ../clib/microlib/stubs.s                 0x00000000   Number         0  iusefp.o ABSOLUTE
    ../fplib/microlib/d2f.c                  0x00000000   Number         0  d2f.o ABSOLUTE
    ../fplib/microlib/fpadd.c                0x00000000   Number         0  dadd.o ABSOLUTE
    ../fplib/microlib/fpadd.c                0x00000000   Number         0  fadd.o ABSOLUTE
    ../fplib/microlib/fpdiv.c                0x00000000   Number         0  ddiv.o ABSOLUTE
    ../fplib/microlib/fpepilogue.c           0x00000000   Number         0  depilogue.o ABSOLUTE
    ../fplib/microlib/fpepilogue.c           0x00000000   Number         0  fepilogue.o ABSOLUTE
    ../fplib/microlib/fpfix.c                0x00000000   Number         0  dfixul.o ABSOLUTE
    ../fplib/microlib/fpfix.c                0x00000000   Number         0  ffixui.o ABSOLUTE
    ../fplib/microlib/fpfix.c                0x00000000   Number         0  ffixi.o ABSOLUTE
    ../fplib/microlib/fpflt.c                0x00000000   Number         0  ffltui.o ABSOLUTE
    ../fplib/microlib/fpflt.c                0x00000000   Number         0  dfltui.o ABSOLUTE
    ../fplib/microlib/fpflt.c                0x00000000   Number         0  fflti.o ABSOLUTE
    ../fplib/microlib/fpmul.c                0x00000000   Number         0  dmul.o ABSOLUTE
    ../fplib/microlib/fpmul.c                0x00000000   Number         0  fmul.o ABSOLUTE
    ..\..\..\..\..\..\components\ble\ble_advertising\ble_advertising.c 0x00000000   Number         0  ble_advertising.o ABSOLUTE
    ..\..\..\..\..\..\components\ble\ble_services\ble_bas\ble_bas.c 0x00000000   Number         0  ble_bas.o ABSOLUTE
    ..\..\..\..\..\..\components\ble\ble_services\ble_dis\ble_dis.c 0x00000000   Number         0  ble_dis.o ABSOLUTE
    ..\..\..\..\..\..\components\ble\common\ble_advdata.c 0x00000000   Number         0  ble_advdata.o ABSOLUTE
    ..\..\..\..\..\..\components\ble\common\ble_conn_params.c 0x00000000   Number         0  ble_conn_params.o ABSOLUTE
    ..\..\..\..\..\..\components\ble\common\ble_srv_common.c 0x00000000   Number         0  ble_srv_common.o ABSOLUTE
    ..\..\..\..\..\..\components\ble\device_manager\device_manager_peripheral.c 0x00000000   Number         0  device_manager_peripheral.o ABSOLUTE
    ..\..\..\..\..\..\components\drivers_nrf\common\nrf_drv_common.c 0x00000000   Number         0  nrf_drv_common.o ABSOLUTE
    ..\..\..\..\..\..\components\drivers_nrf\gpiote\nrf_drv_gpiote.c 0x00000000   Number         0  nrf_drv_gpiote.o ABSOLUTE
    ..\..\..\..\..\..\components\drivers_nrf\hal\nrf_delay.c 0x00000000   Number         0  nrf_delay.o ABSOLUTE
    ..\..\..\..\..\..\components\drivers_nrf\pstorage\pstorage.c 0x00000000   Number         0  pstorage.o ABSOLUTE
    ..\..\..\..\..\..\components\drivers_nrf\uart\app_uart.c 0x00000000   Number         0  app_uart.o ABSOLUTE
    ..\..\..\..\..\..\components\libraries\button\app_button.c 0x00000000   Number         0  app_button.o ABSOLUTE
    ..\..\..\..\..\..\components\libraries\timer\app_timer.c 0x00000000   Number         0  app_timer.o ABSOLUTE
    ..\..\..\..\..\..\components\libraries\trace\app_trace.c 0x00000000   Number         0  app_trace.o ABSOLUTE
    ..\..\..\..\..\..\components\libraries\uart\retarget.c 0x00000000   Number         0  retarget.o ABSOLUTE
    ..\..\..\..\..\..\components\libraries\util\app_error.c 0x00000000   Number         0  app_error.o ABSOLUTE
    ..\..\..\..\..\..\components\libraries\util\nrf_assert.c 0x00000000   Number         0  nrf_assert.o ABSOLUTE
    ..\..\..\..\..\..\components\softdevice\common\softdevice_handler\softdevice_handler.c 0x00000000   Number         0  softdevice_handler.o ABSOLUTE
    ..\..\..\..\..\bsp\bsp.c                 0x00000000   Number         0  bsp.o ABSOLUTE
    ..\..\..\..\..\bsp\bsp_btn_ble.c         0x00000000   Number         0  bsp_btn_ble.o ABSOLUTE
    ..\..\..\Sensirion\I2C_HAL.c             0x00000000   Number         0  i2c_hal.o ABSOLUTE
    ..\..\..\Sensirion\SHT2x.c               0x00000000   Number         0  sht2x.o ABSOLUTE
    ..\..\..\main.c                          0x00000000   Number         0  main.o ABSOLUTE
    ..\..\..\our_service.c                   0x00000000   Number         0  our_service.o ABSOLUTE
    ..\\..\\..\\..\\..\\..\\components\\ble\\ble_advertising\\ble_advertising.c 0x00000000   Number         0  ble_advertising.o ABSOLUTE
    ..\\..\\..\\..\\..\\..\\components\\ble\\device_manager\\device_manager_peripheral.c 0x00000000   Number         0  device_manager_peripheral.o ABSOLUTE
    ..\\..\\..\\..\\..\\..\\components\\drivers_nrf\\common\\nrf_drv_common.c 0x00000000   Number         0  nrf_drv_common.o ABSOLUTE
    ..\\..\\..\\..\\..\\..\\components\\drivers_nrf\\gpiote\\nrf_drv_gpiote.c 0x00000000   Number         0  nrf_drv_gpiote.o ABSOLUTE
    ..\\..\\..\\..\\..\\..\\components\\drivers_nrf\\hal\\nrf_delay.c 0x00000000   Number         0  nrf_delay.o ABSOLUTE
    ..\\..\\..\\..\\..\\..\\components\\drivers_nrf\\pstorage\\pstorage.c 0x00000000   Number         0  pstorage.o ABSOLUTE
    ..\\..\\..\\..\\..\\..\\components\\drivers_nrf\\uart\\app_uart.c 0x00000000   Number         0  app_uart.o ABSOLUTE
    ..\\..\\..\\..\\..\\..\\components\\libraries\\button\\app_button.c 0x00000000   Number         0  app_button.o ABSOLUTE
    ..\\..\\..\\..\\..\\..\\components\\libraries\\timer\\app_timer.c 0x00000000   Number         0  app_timer.o ABSOLUTE
    ..\\..\\..\\..\\..\\..\\components\\libraries\\uart\\retarget.c 0x00000000   Number         0  retarget.o ABSOLUTE
    ..\\..\\..\\..\\..\\..\\components\\libraries\\util\\app_error.c 0x00000000   Number         0  app_error.o ABSOLUTE
    ..\\..\\..\\..\\..\\..\\components\\softdevice\\common\\softdevice_handler\\softdevice_handler.c 0x00000000   Number         0  softdevice_handler.o ABSOLUTE
    ..\\..\\..\\..\\..\\bsp\\bsp.c           0x00000000   Number         0  bsp.o ABSOLUTE
    ..\\..\\..\\..\\..\\bsp\\bsp_btn_ble.c   0x00000000   Number         0  bsp_btn_ble.o ABSOLUTE
    ..\\..\\..\\Sensirion\\I2C_HAL.c         0x00000000   Number         0  i2c_hal.o ABSOLUTE
    ..\\..\\..\\Sensirion\\SHT2x.c           0x00000000   Number         0  sht2x.o ABSOLUTE
    ..\\..\\..\\main.c                       0x00000000   Number         0  main.o ABSOLUTE
    RTE\Device\nRF51822_xxAA\arm_startup_nrf51.s 0x00000000   Number         0  arm_startup_nrf51.o ABSOLUTE
    RTE\Device\nRF51822_xxAA\system_nrf51.c  0x00000000   Number         0  system_nrf51.o ABSOLUTE
    RTE\\Device\\nRF51822_xxAA\\system_nrf51.c 0x00000000   Number         0  system_nrf51.o ABSOLUTE
    cdrcmple.s                               0x00000000   Number         0  cdrcmple.o ABSOLUTE
    dc.s                                     0x00000000   Number         0  dc.o ABSOLUTE
    handlers.s                               0x00000000   Number         0  handlers.o ABSOLUTE
    init.s                                   0x00000000   Number         0  init.o ABSOLUTE
    RESET                                    0x00018000   Section      192  arm_startup_nrf51.o(RESET)
    .ARM.Collect$$$$00000000                 0x000180c0   Section        0  entry.o(.ARM.Collect$$$$00000000)
    .ARM.Collect$$$$00000001                 0x000180c0   Section        4  entry2.o(.ARM.Collect$$$$00000001)
    .ARM.Collect$$$$00000004                 0x000180c4   Section        4  entry5.o(.ARM.Collect$$$$00000004)
    .ARM.Collect$$$$00000008                 0x000180c8   Section        0  entry7b.o(.ARM.Collect$$$$00000008)
    .ARM.Collect$$$$0000000A                 0x000180c8   Section        0  entry8b.o(.ARM.Collect$$$$0000000A)
    .ARM.Collect$$$$0000000B                 0x000180c8   Section        8  entry9a.o(.ARM.Collect$$$$0000000B)
    .ARM.Collect$$$$0000000D                 0x000180d0   Section        0  entry10a.o(.ARM.Collect$$$$0000000D)
    .ARM.Collect$$$$0000000F                 0x000180d0   Section        0  entry11a.o(.ARM.Collect$$$$0000000F)
    .ARM.Collect$$$$00002712                 0x000180d0   Section        4  entry2.o(.ARM.Collect$$$$00002712)
    __lit__00000000                          0x000180d0   Data           4  entry2.o(.ARM.Collect$$$$00002712)
    .emb_text                                0x000180d4   Section       30  nrf_delay.o(.emb_text)
    .emb_text                                0x000180f4   Section       30  app_timer.o(.emb_text)
    .emb_text                                0x00018114   Section       30  i2c_hal.o(.emb_text)
    .text                                    0x00018134   Section       56  arm_startup_nrf51.o(.text)
    .text                                    0x0001816c   Section        0  uidiv.o(.text)
    .text                                    0x00018198   Section        0  idiv.o(.text)
    .text                                    0x000181c0   Section        0  memcpya.o(.text)
    .text                                    0x000181e4   Section        0  memseta.o(.text)
    .text                                    0x00018208   Section        0  strlen.o(.text)
    .text                                    0x00018216   Section        0  memcmp.o(.text)
    .text                                    0x00018230   Section        0  fadd.o(.text)
    .text                                    0x000182e2   Section        0  fmul.o(.text)
    .text                                    0x0001835c   Section        0  dadd.o(.text)
    .text                                    0x000184c0   Section        0  dmul.o(.text)
    .text                                    0x00018590   Section        0  fflti.o(.text)
    .text                                    0x000185a6   Section        0  ffltui.o(.text)
    .text                                    0x000185b4   Section        0  dfltui.o(.text)
    .text                                    0x000185d0   Section        0  ffixi.o(.text)
    .text                                    0x00018602   Section        0  ffixui.o(.text)
    .text                                    0x0001862c   Section       40  cdrcmple.o(.text)
    .text                                    0x00018654   Section        0  d2f.o(.text)
    .text                                    0x0001868c   Section        0  uldiv.o(.text)
    .text                                    0x000186ec   Section        0  llshl.o(.text)
    .text                                    0x0001870c   Section        0  llsshr.o(.text)
    .text                                    0x00018732   Section        0  fepilogue.o(.text)
    .text                                    0x00018732   Section        0  iusefp.o(.text)
    .text                                    0x000187b4   Section        0  depilogue.o(.text)
    .text                                    0x00018874   Section       36  init.o(.text)
    .text                                    0x00018898   Section        0  llushr.o(.text)
    i.ADC_IRQHandler                         0x000188bc   Section        0  main.o(i.ADC_IRQHandler)
    i.DelayMicroSeconds                      0x000188e4   Section        0  i2c_hal.o(i.DelayMicroSeconds)
    i.GPIOTE_IRQHandler                      0x000188ec   Section        0  nrf_drv_gpiote.o(i.GPIOTE_IRQHandler)
    i.I2c_Init                               0x000189f8   Section        0  i2c_hal.o(i.I2c_Init)
    i.I2c_ReadByte                           0x00018a24   Section        0  i2c_hal.o(i.I2c_ReadByte)
    i.I2c_StartCondition                     0x00018ab0   Section        0  i2c_hal.o(i.I2c_StartCondition)
    i.I2c_StopCondition                      0x00018ae8   Section        0  i2c_hal.o(i.I2c_StopCondition)
    i.I2c_WriteByte                          0x00018b24   Section        0  i2c_hal.o(i.I2c_WriteByte)
    i.RTC1_IRQHandler                        0x00018ba8   Section        0  app_timer.o(i.RTC1_IRQHandler)
    i.SHT2x_CalcRH                           0x00018c4c   Section        0  sht2x.o(i.SHT2x_CalcRH)
    i.SHT2x_CalcTemperatureC                 0x00018c74   Section        0  sht2x.o(i.SHT2x_CalcTemperatureC)
    i.SHT2x_MeasurePoll                      0x00018ca4   Section        0  sht2x.o(i.SHT2x_MeasurePoll)
    i.SHT2x_SoftReset                        0x00018d64   Section        0  sht2x.o(i.SHT2x_SoftReset)
    i.SWI0_IRQHandler                        0x00018d90   Section        0  app_timer.o(i.SWI0_IRQHandler)
    i.SWI2_IRQHandler                        0x00018d98   Section        0  softdevice_handler.o(i.SWI2_IRQHandler)
    i.SystemInit                             0x00018e30   Section        0  system_nrf51.o(i.SystemInit)
    i.UART0_IRQHandler                       0x00018eb0   Section        0  app_uart.o(i.UART0_IRQHandler)
    i.__0sprintf$8                           0x00018f30   Section        0  printf8.o(i.__0sprintf$8)
    i.__ARM_clz                              0x00018f58   Section        0  depilogue.o(i.__ARM_clz)
    i.__ARM_common_memclr1_5                 0x00018f86   Section        0  main.o(i.__ARM_common_memclr1_5)
    i.__ARM_common_memclr1_6                 0x00018f94   Section        0  device_manager_peripheral.o(i.__ARM_common_memclr1_6)
    i.__ARM_common_memclr2_7                 0x00018fa4   Section        0  device_manager_peripheral.o(i.__ARM_common_memclr2_7)
    i.__ARM_common_memclr4_7                 0x00018fb0   Section        0  ble_advertising.o(i.__ARM_common_memclr4_7)
    i.__ARM_common_memcpy1_5                 0x00018fba   Section        0  device_manager_peripheral.o(i.__ARM_common_memcpy1_5)
    i.__scatterload_copy                     0x00018fd0   Section       14  handlers.o(i.__scatterload_copy)
    i.__scatterload_null                     0x00018fde   Section        2  handlers.o(i.__scatterload_null)
    i.__scatterload_zeroinit                 0x00018fe0   Section       14  handlers.o(i.__scatterload_zeroinit)
    i._printf_core                           0x00018ff0   Section        0  printf8.o(i._printf_core)
    _printf_core                             0x00018ff1   Thumb Code  1020  printf8.o(i._printf_core)
    i._printf_post_padding                   0x00019418   Section        0  printf8.o(i._printf_post_padding)
    _printf_post_padding                     0x00019419   Thumb Code    32  printf8.o(i._printf_post_padding)
    i._printf_pre_padding                    0x00019438   Section        0  printf8.o(i._printf_pre_padding)
    _printf_pre_padding                      0x00019439   Thumb Code    44  printf8.o(i._printf_pre_padding)
    i._sputc                                 0x00019464   Section        0  printf8.o(i._sputc)
    _sputc                                   0x00019465   Thumb Code    10  printf8.o(i._sputc)
    i.add_characteristic_to_service          0x00019470   Section        0  our_service.o(i.add_characteristic_to_service)
    i.adv_data_encode                        0x00019540   Section        0  ble_advdata.o(i.adv_data_encode)
    adv_data_encode                          0x00019541   Thumb Code   708  ble_advdata.o(i.adv_data_encode)
    i.app_error_handler                      0x00019808   Section        0  main.o(i.app_error_handler)
    i.app_timer_create                       0x00019848   Section        0  app_timer.o(i.app_timer_create)
    i.app_timer_init                         0x000198a0   Section        0  app_timer.o(i.app_timer_init)
    i.app_timer_start                        0x000199c4   Section        0  app_timer.o(i.app_timer_start)
    i.app_timer_stop                         0x00019ab0   Section        0  app_timer.o(i.app_timer_stop)
    i.ble_advdata_set                        0x00019b78   Section        0  ble_advdata.o(i.ble_advdata_set)
    i.ble_advertising_init                   0x00019bd4   Section        0  ble_advertising.o(i.ble_advertising_init)
    i.ble_advertising_on_ble_evt             0x00019d64   Section        0  ble_advertising.o(i.ble_advertising_on_ble_evt)
    i.ble_advertising_on_sys_evt             0x00019e00   Section        0  ble_advertising.o(i.ble_advertising_on_sys_evt)
    i.ble_advertising_start                  0x00019e30   Section        0  ble_advertising.o(i.ble_advertising_start)
    i.ble_bas_battery_level_update           0x0001a044   Section        0  ble_bas.o(i.ble_bas_battery_level_update)
    i.ble_bas_init                           0x0001a0b4   Section        0  ble_bas.o(i.ble_bas_init)
    i.ble_bas_on_ble_evt                     0x0001a20c   Section        0  ble_bas.o(i.ble_bas_on_ble_evt)
    i.ble_conn_params_init                   0x0001a268   Section        0  ble_conn_params.o(i.ble_conn_params_init)
    i.ble_conn_params_on_ble_evt             0x0001a2d4   Section        0  ble_conn_params.o(i.ble_conn_params_on_ble_evt)
    i.ble_dis_init                           0x0001a380   Section        0  ble_dis.o(i.ble_dis_init)
    i.ble_evt_dispatch                       0x0001a538   Section        0  main.o(i.ble_evt_dispatch)
    ble_evt_dispatch                         0x0001a539   Thumb Code    54  main.o(i.ble_evt_dispatch)
    i.ble_srv_ascii_to_utf8                  0x0001a578   Section        0  ble_srv_common.o(i.ble_srv_ascii_to_utf8)
    i.ble_srv_report_ref_encode              0x0001a58a   Section        0  ble_srv_common.o(i.ble_srv_report_ref_encode)
    i.char_add                               0x0001a598   Section        0  ble_dis.o(i.char_add)
    char_add                                 0x0001a599   Thumb Code   146  ble_dis.o(i.char_add)
    i.clear_operation_execute                0x0001a630   Section        0  pstorage.o(i.clear_operation_execute)
    clear_operation_execute                  0x0001a631   Thumb Code   252  pstorage.o(i.clear_operation_execute)
    i.cmd_queue_enqueue                      0x0001a738   Section        0  pstorage.o(i.cmd_queue_enqueue)
    cmd_queue_enqueue                        0x0001a739   Thumb Code   106  pstorage.o(i.cmd_queue_enqueue)
    i.command_end_procedure_run              0x0001a7ac   Section        0  pstorage.o(i.command_end_procedure_run)
    command_end_procedure_run                0x0001a7ad   Thumb Code    90  pstorage.o(i.command_end_procedure_run)
    i.conn_params_error_handler              0x0001a814   Section        0  main.o(i.conn_params_error_handler)
    conn_params_error_handler                0x0001a815   Thumb Code     8  main.o(i.conn_params_error_handler)
    i.conn_params_negotiation                0x0001a81c   Section        0  ble_conn_params.o(i.conn_params_negotiation)
    conn_params_negotiation                  0x0001a81d   Thumb Code    94  ble_conn_params.o(i.conn_params_negotiation)
    i.data_page_erase_state_run              0x0001a88c   Section        0  pstorage.o(i.data_page_erase_state_run)
    data_page_erase_state_run                0x0001a88d   Thumb Code   170  pstorage.o(i.data_page_erase_state_run)
    i.data_to_swap_write_state_run           0x0001a944   Section        0  pstorage.o(i.data_to_swap_write_state_run)
    data_to_swap_write_state_run             0x0001a945   Thumb Code    50  pstorage.o(i.data_to_swap_write_state_run)
    i.device_context_store                   0x0001a980   Section        0  device_manager_peripheral.o(i.device_context_store)
    device_context_store                     0x0001a981   Thumb Code   150  device_manager_peripheral.o(i.device_context_store)
    i.device_instance_find                   0x0001aa3c   Section        0  device_manager_peripheral.o(i.device_instance_find)
    device_instance_find                     0x0001aa3d   Thumb Code   220  device_manager_peripheral.o(i.device_instance_find)
    i.device_manager_evt_handler             0x0001ab40   Section        0  main.o(i.device_manager_evt_handler)
    device_manager_evt_handler               0x0001ab41   Thumb Code    16  main.o(i.device_manager_evt_handler)
    i.dm_ble_evt_handler                     0x0001ab50   Section        0  device_manager_peripheral.o(i.dm_ble_evt_handler)
    i.dm_init                                0x0001afd8   Section        0  device_manager_peripheral.o(i.dm_init)
    i.dm_pstorage_cb_handler                 0x0001b0f8   Section        0  device_manager_peripheral.o(i.dm_pstorage_cb_handler)
    dm_pstorage_cb_handler                   0x0001b0f9   Thumb Code   382  device_manager_peripheral.o(i.dm_pstorage_cb_handler)
    i.dm_register                            0x0001b2a0   Section        0  device_manager_peripheral.o(i.dm_register)
    i.flash_operation_success_run            0x0001b31c   Section        0  pstorage.o(i.flash_operation_success_run)
    flash_operation_success_run              0x0001b31d   Thumb Code   224  pstorage.o(i.flash_operation_success_run)
    i.flash_write                            0x0001b408   Section        0  pstorage.o(i.flash_write)
    flash_write                              0x0001b409   Thumb Code    64  pstorage.o(i.flash_write)
    i.gattc_context_apply                    0x0001b454   Section        0  device_manager_peripheral.o(i.gattc_context_apply)
    gattc_context_apply                      0x0001b455   Thumb Code     4  device_manager_peripheral.o(i.gattc_context_apply)
    i.gattc_context_load                     0x0001b458   Section        0  device_manager_peripheral.o(i.gattc_context_load)
    gattc_context_load                       0x0001b459   Thumb Code     4  device_manager_peripheral.o(i.gattc_context_load)
    i.gattc_context_store                    0x0001b45c   Section        0  device_manager_peripheral.o(i.gattc_context_store)
    gattc_context_store                      0x0001b45d   Thumb Code     4  device_manager_peripheral.o(i.gattc_context_store)
    i.gatts_context_apply                    0x0001b460   Section        0  device_manager_peripheral.o(i.gatts_context_apply)
    gatts_context_apply                      0x0001b461   Thumb Code   158  device_manager_peripheral.o(i.gatts_context_apply)
    i.gatts_context_load                     0x0001b514   Section        0  device_manager_peripheral.o(i.gatts_context_load)
    gatts_context_load                       0x0001b515   Thumb Code    44  device_manager_peripheral.o(i.gatts_context_load)
    i.gatts_context_store                    0x0001b544   Section        0  device_manager_peripheral.o(i.gatts_context_store)
    gatts_context_store                      0x0001b545   Thumb Code   174  device_manager_peripheral.o(i.gatts_context_store)
    i.gattsc_context_apply                   0x0001b604   Section        0  device_manager_peripheral.o(i.gattsc_context_apply)
    gattsc_context_apply                     0x0001b605   Thumb Code     8  device_manager_peripheral.o(i.gattsc_context_apply)
    i.gattsc_context_load                    0x0001b60c   Section        0  device_manager_peripheral.o(i.gattsc_context_load)
    gattsc_context_load                      0x0001b60d   Thumb Code    44  device_manager_peripheral.o(i.gattsc_context_load)
    i.gattsc_context_store                   0x0001b63c   Section        0  device_manager_peripheral.o(i.gattsc_context_store)
    gattsc_context_store                     0x0001b63d   Thumb Code     8  device_manager_peripheral.o(i.gattsc_context_store)
    i.head_restore_state_run                 0x0001b644   Section        0  pstorage.o(i.head_restore_state_run)
    head_restore_state_run                   0x0001b645   Thumb Code   192  pstorage.o(i.head_restore_state_run)
    i.main                                   0x0001b710   Section        0  main.o(i.main)
    i.measurement_timer_handler              0x0001ba5c   Section        0  main.o(i.measurement_timer_handler)
    measurement_timer_handler                0x0001ba5d   Thumb Code   312  main.o(i.measurement_timer_handler)
    i.no_service_context_apply               0x0001bbe8   Section        0  device_manager_peripheral.o(i.no_service_context_apply)
    no_service_context_apply                 0x0001bbe9   Thumb Code     4  device_manager_peripheral.o(i.no_service_context_apply)
    i.no_service_context_load                0x0001bbec   Section        0  device_manager_peripheral.o(i.no_service_context_load)
    no_service_context_load                  0x0001bbed   Thumb Code     4  device_manager_peripheral.o(i.no_service_context_load)
    i.no_service_context_store               0x0001bbf0   Section        0  device_manager_peripheral.o(i.no_service_context_store)
    no_service_context_store                 0x0001bbf1   Thumb Code     4  device_manager_peripheral.o(i.no_service_context_store)
    i.nrf_delay_ms                           0x0001bbf4   Section        0  nrf_delay.o(i.nrf_delay_ms)
    i.on_adv_evt                             0x0001bc18   Section        0  main.o(i.on_adv_evt)
    on_adv_evt                               0x0001bc19   Thumb Code    24  main.o(i.on_adv_evt)
    i.on_conn_params_evt                     0x0001bc30   Section        0  main.o(i.on_conn_params_evt)
    on_conn_params_evt                       0x0001bc31   Thumb Code    30  main.o(i.on_conn_params_evt)
    i.on_uart_event                          0x0001bc54   Section        0  app_uart.o(i.on_uart_event)
    on_uart_event                            0x0001bc55   Thumb Code   150  app_uart.o(i.on_uart_event)
    i.our_service_init                       0x0001bcf8   Section        0  our_service.o(i.our_service_init)
    i.pstorage_access_status_get             0x0001bd7c   Section        0  pstorage.o(i.pstorage_access_status_get)
    i.pstorage_block_identifier_get          0x0001bda4   Section        0  pstorage.o(i.pstorage_block_identifier_get)
    i.pstorage_clear                         0x0001be04   Section        0  pstorage.o(i.pstorage_clear)
    i.pstorage_init                          0x0001bea4   Section        0  pstorage.o(i.pstorage_init)
    i.pstorage_load                          0x0001bf20   Section        0  pstorage.o(i.pstorage_load)
    i.pstorage_register                      0x0001bfb0   Section        0  pstorage.o(i.pstorage_register)
    i.pstorage_store                         0x0001c084   Section        0  pstorage.o(i.pstorage_store)
    i.pstorage_sys_event_handler             0x0001c100   Section        0  pstorage.o(i.pstorage_sys_event_handler)
    i.pstorage_update                        0x0001c180   Section        0  pstorage.o(i.pstorage_update)
    i.set_humidity                           0x0001c1fc   Section        0  our_service.o(i.set_humidity)
    i.set_humidity_log                       0x0001c264   Section        0  our_service.o(i.set_humidity_log)
    i.set_temperature                        0x0001c2a8   Section        0  our_service.o(i.set_temperature)
    i.set_temperature_log                    0x0001c348   Section        0  our_service.o(i.set_temperature_log)
    i.sm_state_change                        0x0001c3d0   Section        0  pstorage.o(i.sm_state_change)
    sm_state_change                          0x0001c3d1   Thumb Code   302  pstorage.o(i.sm_state_change)
    i.softdevice_assertion_handler           0x0001c510   Section        0  softdevice_handler.o(i.softdevice_assertion_handler)
    i.softdevice_ble_evt_handler_set         0x0001c51c   Section        0  softdevice_handler.o(i.softdevice_ble_evt_handler_set)
    i.softdevice_handler_init                0x0001c530   Section        0  softdevice_handler.o(i.softdevice_handler_init)
    i.softdevice_sys_evt_handler_set         0x0001c568   Section        0  softdevice_handler.o(i.softdevice_sys_evt_handler_set)
    i.state_erase_data_page_entry_run        0x0001c57c   Section        0  pstorage.o(i.state_erase_data_page_entry_run)
    state_erase_data_page_entry_run          0x0001c57d   Thumb Code    66  pstorage.o(i.state_erase_data_page_entry_run)
    i.state_restore_head_entry_run           0x0001c5cc   Section        0  pstorage.o(i.state_restore_head_entry_run)
    state_restore_head_entry_run             0x0001c5cd   Thumb Code    52  pstorage.o(i.state_restore_head_entry_run)
    i.state_restore_tail_entry_run           0x0001c60c   Section        0  pstorage.o(i.state_restore_tail_entry_run)
    state_restore_tail_entry_run             0x0001c60d   Thumb Code    80  pstorage.o(i.state_restore_tail_entry_run)
    i.state_swap_erase_entry_run             0x0001c668   Section        0  pstorage.o(i.state_swap_erase_entry_run)
    state_swap_erase_entry_run               0x0001c669   Thumb Code   110  pstorage.o(i.state_swap_erase_entry_run)
    i.state_write_data_swap_entry_run        0x0001c6e8   Section        0  pstorage.o(i.state_write_data_swap_entry_run)
    state_write_data_swap_entry_run          0x0001c6e9   Thumb Code    60  pstorage.o(i.state_write_data_swap_entry_run)
    i.storage_operation_dummy_handler        0x0001c72c   Section        0  device_manager_peripheral.o(i.storage_operation_dummy_handler)
    storage_operation_dummy_handler          0x0001c72d   Thumb Code     4  device_manager_peripheral.o(i.storage_operation_dummy_handler)
    i.swap_erase_state_run                   0x0001c730   Section        0  pstorage.o(i.swap_erase_state_run)
    swap_erase_state_run                     0x0001c731   Thumb Code    32  pstorage.o(i.swap_erase_state_run)
    i.sys_evt_dispatch                       0x0001c758   Section        0  main.o(i.sys_evt_dispatch)
    sys_evt_dispatch                         0x0001c759   Thumb Code    16  main.o(i.sys_evt_dispatch)
    i.tail_restore_state_run                 0x0001c768   Section        0  pstorage.o(i.tail_restore_state_run)
    tail_restore_state_run                   0x0001c769   Thumb Code    58  pstorage.o(i.tail_restore_state_run)
    i.timer_list_handler                     0x0001c7b0   Section        0  app_timer.o(i.timer_list_handler)
    timer_list_handler                       0x0001c7b1   Thumb Code   976  app_timer.o(i.timer_list_handler)
    i.update_timeout_handler                 0x0001cbb0   Section        0  ble_conn_params.o(i.update_timeout_handler)
    update_timeout_handler                   0x0001cbb1   Thumb Code    86  ble_conn_params.o(i.update_timeout_handler)
    i.uuid_list_encode                       0x0001cc18   Section        0  ble_advdata.o(i.uuid_list_encode)
    uuid_list_encode                         0x0001cc19   Thumb Code   328  ble_advdata.o(i.uuid_list_encode)
    .constdata                               0x0001cd60   Section        8  main.o(.constdata)
    .constdata                               0x0001cd68   Section       32  our_service.o(.constdata)
    .constdata                               0x0001cd88   Section       52  device_manager_peripheral.o(.constdata)
    .constdata                               0x0001cdbc   Section       40  pstorage.o(.constdata)
    swap_sub_state_sm_lut                    0x0001cdbc   Data          20  pstorage.o(.constdata)
    swap_sub_state_sm_lut                    0x0001cdd0   Data          20  pstorage.o(.constdata)
    .data                                    0x20002000   Section       20  main.o(.data)
    m_app_handle                             0x20002001   Data           1  main.o(.data)
    m_conn_handle                            0x20002002   Data           2  main.o(.data)
    measurement_timer                        0x20002008   Data           4  main.o(.data)
    .data                                    0x20002014   Section       31  ble_advertising.o(.data)
    m_advertising_start_pending              0x20002014   Data           1  ble_advertising.o(.data)
    m_whitelist_temporarily_disabled         0x20002015   Data           1  ble_advertising.o(.data)
    m_whitelist_reply_expected               0x20002016   Data           1  ble_advertising.o(.data)
    m_peer_addr_reply_expected               0x20002017   Data           1  ble_advertising.o(.data)
    m_adv_evt                                0x20002018   Data           1  ble_advertising.o(.data)
    m_adv_mode_current                       0x20002019   Data           1  ble_advertising.o(.data)
    m_tx_power_level                         0x2000201a   Data           1  ble_advertising.o(.data)
    current_slave_link_conn_handle           0x2000201c   Data           2  ble_advertising.o(.data)
    m_evt_handler                            0x20002020   Data           4  ble_advertising.o(.data)
    m_error_handler                          0x20002024   Data           4  ble_advertising.o(.data)
    m_slave_conn_int                         0x20002028   Data           4  ble_advertising.o(.data)
    m_peer_address                           0x2000202c   Data           7  ble_advertising.o(.data)
    .data                                    0x20002034   Section       24  ble_conn_params.o(.data)
    m_change_param                           0x20002034   Data           1  ble_conn_params.o(.data)
    m_update_count                           0x20002035   Data           1  ble_conn_params.o(.data)
    m_conn_handle                            0x20002036   Data           2  ble_conn_params.o(.data)
    m_conn_params_timer_id                   0x20002038   Data           4  ble_conn_params.o(.data)
    m_preferred_conn_params                  0x2000203c   Data           8  ble_conn_params.o(.data)
    m_current_conn_params                    0x20002044   Data           8  ble_conn_params.o(.data)
    .data                                    0x2000204c   Section       24  device_manager_peripheral.o(.data)
    m_module_initialized                     0x2000204c   Data           1  device_manager_peripheral.o(.data)
    m_peer_addr_update                       0x20002050   Data           4  device_manager_peripheral.o(.data)
    m_irk_index_table                        0x20002054   Data           7  device_manager_peripheral.o(.data)
    m_storage_handle                         0x2000205c   Data           8  device_manager_peripheral.o(.data)
    .data                                    0x20002064   Section       74  ble_dis.o(.data)
    service_handle                           0x20002064   Data           2  ble_dis.o(.data)
    manufact_name_handles                    0x20002066   Data           8  ble_dis.o(.data)
    model_num_handles                        0x2000206e   Data           8  ble_dis.o(.data)
    serial_num_handles                       0x20002076   Data           8  ble_dis.o(.data)
    hw_rev_handles                           0x2000207e   Data           8  ble_dis.o(.data)
    fw_rev_handles                           0x20002086   Data           8  ble_dis.o(.data)
    sw_rev_handles                           0x2000208e   Data           8  ble_dis.o(.data)
    sys_id_handles                           0x20002096   Data           8  ble_dis.o(.data)
    reg_cert_data_list_handles               0x2000209e   Data           8  ble_dis.o(.data)
    pnp_id_handles                           0x200020a6   Data           8  ble_dis.o(.data)
    .data                                    0x200020b0   Section       12  app_uart.o(.data)
    m_instance_counter                       0x200020b0   Data           1  app_uart.o(.data)
    m_current_state                          0x200020b1   Data           1  app_uart.o(.data)
    m_tx_byte                                0x200020b2   Data           1  app_uart.o(.data)
    m_rx_byte                                0x200020b4   Data           2  app_uart.o(.data)
    m_event_handler                          0x200020b8   Data           4  app_uart.o(.data)
    .data                                    0x200020bc   Section       36  pstorage.o(.data)
    m_state                                  0x200020bc   Data           1  pstorage.o(.data)
    m_swap_sub_state                         0x200020bd   Data           1  pstorage.o(.data)
    m_next_app_instance                      0x200020be   Data           2  pstorage.o(.data)
    m_flags                                  0x200020c0   Data           4  pstorage.o(.data)
    m_next_page_addr                         0x200020c4   Data           4  pstorage.o(.data)
    m_head_word_size                         0x200020c8   Data           4  pstorage.o(.data)
    m_tail_word_size                         0x200020cc   Data           4  pstorage.o(.data)
    m_current_page_id                        0x200020d0   Data           4  pstorage.o(.data)
    m_num_of_command_retries                 0x200020d4   Data           4  pstorage.o(.data)
    m_num_of_bytes_written                   0x200020d8   Data           4  pstorage.o(.data)
    m_app_data_size                          0x200020dc   Data           4  pstorage.o(.data)
    .data                                    0x200020e0   Section       36  app_timer.o(.data)
    m_node_array_size                        0x200020e0   Data           1  app_timer.o(.data)
    m_user_array_size                        0x200020e1   Data           1  app_timer.o(.data)
    m_ticks_elapsed_q_read_ind               0x200020e2   Data           1  app_timer.o(.data)
    m_ticks_elapsed_q_write_ind              0x200020e3   Data           1  app_timer.o(.data)
    m_rtc1_running                           0x200020e4   Data           1  app_timer.o(.data)
    m_rtc1_reset                             0x200020e5   Data           1  app_timer.o(.data)
    mp_nodes                                 0x200020e8   Data           4  app_timer.o(.data)
    mp_users                                 0x200020ec   Data           4  app_timer.o(.data)
    m_timer_id_head                          0x200020f0   Data           4  app_timer.o(.data)
    m_ticks_latest                           0x200020f4   Data           4  app_timer.o(.data)
    m_evt_schedule_func                      0x200020f8   Data           4  app_timer.o(.data)
    m_ticks_elapsed                          0x200020fc   Data           8  app_timer.o(.data)
    .data                                    0x20002104   Section       20  softdevice_handler.o(.data)
    m_softdevice_enabled                     0x20002104   Data           1  softdevice_handler.o(.data)
    m_ble_evt_buffer_size                    0x20002106   Data           2  softdevice_handler.o(.data)
    m_evt_schedule_func                      0x20002108   Data           4  softdevice_handler.o(.data)
    mp_ble_evt_buffer                        0x2000210c   Data           4  softdevice_handler.o(.data)
    m_ble_evt_handler                        0x20002110   Data           4  softdevice_handler.o(.data)
    m_sys_evt_handler                        0x20002114   Data           4  softdevice_handler.o(.data)
    .data                                    0x20002118   Section        4  system_nrf51.o(.data)
    __tagsym$$used                           0x20002118   Number         0  system_nrf51.o(.data)
    .bss                                     0x2000211c   Section     1336  main.o(.bss)
    APP_TIMER_BUF                            0x2000211c   Data         696  main.o(.bss)
    BLE_EVT_BUFFER                           0x200023d4   Data          72  main.o(.bss)
    m_bas                                    0x2000241c   Data          24  main.o(.bss)
    .bss                                     0x20002654   Section      251  ble_advertising.o(.bss)
    m_advdata                                0x20002654   Data          48  ble_advertising.o(.bss)
    m_adv_modes_config                       0x20002684   Data          36  ble_advertising.o(.bss)
    m_whitelist                              0x200026a8   Data          16  ble_advertising.o(.bss)
    mp_whitelist_addr                        0x200026b8   Data          32  ble_advertising.o(.bss)
    mp_whitelist_irk                         0x200026d8   Data          32  ble_advertising.o(.bss)
    m_manuf_specific_data                    0x200026f8   Data          12  ble_advertising.o(.bss)
    m_manuf_data_array                       0x20002704   Data          31  ble_advertising.o(.bss)
    m_service_data                           0x20002724   Data          12  ble_advertising.o(.bss)
    m_service_data_array                     0x20002730   Data          31  ble_advertising.o(.bss)
    .bss                                     0x20002750   Section       28  ble_conn_params.o(.bss)
    m_conn_params_config                     0x20002750   Data          28  ble_conn_params.o(.bss)
    .bss                                     0x2000276c   Section      335  device_manager_peripheral.o(.bss)
    m_app_context_table                      0x2000276c   Data          28  device_manager_peripheral.o(.bss)
    m_peer_table                             0x20002788   Data         196  device_manager_peripheral.o(.bss)
    m_bond_table                             0x2000284c   Data          28  device_manager_peripheral.o(.bss)
    m_gatts_table                            0x20002868   Data          36  device_manager_peripheral.o(.bss)
    m_connection_table                       0x2000288c   Data          12  device_manager_peripheral.o(.bss)
    m_application_table                      0x20002898   Data          12  device_manager_peripheral.o(.bss)
    m_local_id_info                          0x200028a4   Data          23  device_manager_peripheral.o(.bss)
    .bss                                     0x200028bc   Section       76  nrf_drv_gpiote.o(.bss)
    m_cb                                     0x200028bc   Data          76  nrf_drv_gpiote.o(.bss)
    .bss                                     0x20002908   Section      228  pstorage.o(.bss)
    m_cmd_queue                              0x20002908   Data         204  pstorage.o(.bss)
    m_app_table                              0x200029d4   Data          24  pstorage.o(.bss)
    STACK                                    0x200029f0   Section     2048  arm_startup_nrf51.o(STACK)

    Global Symbols

    Symbol Name                              Value     Ov Type        Size  Object(Section)

    BuildAttributes$$THM_ISAv3M$S$PE$A:L22$X:L11$S22$IEEE1$IW$USESV6$~STKCKD$USESV7$~SHL$OTIME$ROPI$EBA8$MICROLIB$REQ8$PRES8$EABIv2 0x00000000   Number         0  anon$$obj.o ABSOLUTE
    __ARM_use_no_argv                        0x00000000   Number         0  main.o ABSOLUTE
    _printf_a                                0x00000000   Number         0  stubs.o ABSOLUTE
    _printf_c                                0x00000000   Number         0  stubs.o ABSOLUTE
    _printf_charcount                        0x00000000   Number         0  stubs.o ABSOLUTE
    _printf_d                                0x00000000   Number         0  stubs.o ABSOLUTE
    _printf_e                                0x00000000   Number         0  stubs.o ABSOLUTE
    _printf_f                                0x00000000   Number         0  stubs.o ABSOLUTE
    _printf_flags                            0x00000000   Number         0  stubs.o ABSOLUTE
    _printf_fp_dec                           0x00000000   Number         0  stubs.o ABSOLUTE
    _printf_fp_hex                           0x00000000   Number         0  stubs.o ABSOLUTE
    _printf_g                                0x00000000   Number         0  stubs.o ABSOLUTE
    _printf_i                                0x00000000   Number         0  stubs.o ABSOLUTE
    _printf_int_dec                          0x00000000   Number         0  stubs.o ABSOLUTE
    _printf_l                                0x00000000   Number         0  stubs.o ABSOLUTE
    _printf_lc                               0x00000000   Number         0  stubs.o ABSOLUTE
    _printf_ll                               0x00000000   Number         0  stubs.o ABSOLUTE
    _printf_lld                              0x00000000   Number         0  stubs.o ABSOLUTE
    _printf_lli                              0x00000000   Number         0  stubs.o ABSOLUTE
    _printf_llo                              0x00000000   Number         0  stubs.o ABSOLUTE
    _printf_llu                              0x00000000   Number         0  stubs.o ABSOLUTE
    _printf_llx                              0x00000000   Number         0  stubs.o ABSOLUTE
    _printf_longlong_dec                     0x00000000   Number         0  stubs.o ABSOLUTE
    _printf_longlong_hex                     0x00000000   Number         0  stubs.o ABSOLUTE
    _printf_longlong_oct                     0x00000000   Number         0  stubs.o ABSOLUTE
    _printf_ls                               0x00000000   Number         0  stubs.o ABSOLUTE
    _printf_mbtowc                           0x00000000   Number         0  stubs.o ABSOLUTE
    _printf_n                                0x00000000   Number         0  stubs.o ABSOLUTE
    _printf_o                                0x00000000   Number         0  stubs.o ABSOLUTE
    _printf_p                                0x00000000   Number         0  stubs.o ABSOLUTE
    _printf_percent                          0x00000000   Number         0  stubs.o ABSOLUTE
    _printf_pre_padding                      0x00000000   Number         0  stubs.o ABSOLUTE
    _printf_return_value                     0x00000000   Number         0  stubs.o ABSOLUTE
    _printf_s                                0x00000000   Number         0  stubs.o ABSOLUTE
    _printf_sizespec                         0x00000000   Number         0  stubs.o ABSOLUTE
    _printf_str                              0x00000000   Number         0  stubs.o ABSOLUTE
    _printf_truncate_signed                  0x00000000   Number         0  stubs.o ABSOLUTE
    _printf_truncate_unsigned                0x00000000   Number         0  stubs.o ABSOLUTE
    _printf_u                                0x00000000   Number         0  stubs.o ABSOLUTE
    _printf_wc                               0x00000000   Number         0  stubs.o ABSOLUTE
    _printf_wctomb                           0x00000000   Number         0  stubs.o ABSOLUTE
    _printf_widthprec                        0x00000000   Number         0  stubs.o ABSOLUTE
    _printf_x                                0x00000000   Number         0  stubs.o ABSOLUTE
    __cpp_initialize__aeabi_                  - Undefined Weak Reference
    __cxa_finalize                            - Undefined Weak Reference
    __decompress                              - Undefined Weak Reference
    _clock_init                               - Undefined Weak Reference
    _microlib_exit                            - Undefined Weak Reference
    __Vectors_Size                           0x000000c0   Number         0  arm_startup_nrf51.o ABSOLUTE
    __Vectors                                0x00018000   Data           4  arm_startup_nrf51.o(RESET)
    __Vectors_End                            0x000180c0   Data           0  arm_startup_nrf51.o(RESET)
    __main                                   0x000180c1   Thumb Code     0  entry.o(.ARM.Collect$$$$00000000)
    _main_stk                                0x000180c1   Thumb Code     0  entry2.o(.ARM.Collect$$$$00000001)
    _main_scatterload                        0x000180c5   Thumb Code     0  entry5.o(.ARM.Collect$$$$00000004)
    __main_after_scatterload                 0x000180c9   Thumb Code     0  entry5.o(.ARM.Collect$$$$00000004)
    _main_clock                              0x000180c9   Thumb Code     0  entry7b.o(.ARM.Collect$$$$00000008)
    _main_cpp_init                           0x000180c9   Thumb Code     0  entry8b.o(.ARM.Collect$$$$0000000A)
    _main_init                               0x000180c9   Thumb Code     0  entry9a.o(.ARM.Collect$$$$0000000B)
    __rt_final_cpp                           0x000180d1   Thumb Code     0  entry10a.o(.ARM.Collect$$$$0000000D)
    __rt_final_exit                          0x000180d1   Thumb Code     0  entry11a.o(.ARM.Collect$$$$0000000F)
    __asm___11_nrf_delay_c_532987f3__nrf_delay_us 0x000180d5   Thumb Code    30  nrf_delay.o(.emb_text)
    __asm___11_app_timer_c_cd27f9c3__nrf_delay_us 0x000180f5   Thumb Code    30  app_timer.o(.emb_text)
    __asm___9_I2C_HAL_c_I2c_Init__nrf_delay_us 0x00018115   Thumb Code    30  i2c_hal.o(.emb_text)
    Reset_Handler                            0x00018135   Thumb Code    26  arm_startup_nrf51.o(.text)
    NMI_Handler                              0x0001814f   Thumb Code     2  arm_startup_nrf51.o(.text)
    HardFault_Handler                        0x00018151   Thumb Code     2  arm_startup_nrf51.o(.text)
    SVC_Handler                              0x00018153   Thumb Code     2  arm_startup_nrf51.o(.text)
    PendSV_Handler                           0x00018155   Thumb Code     2  arm_startup_nrf51.o(.text)
    SysTick_Handler                          0x00018157   Thumb Code     2  arm_startup_nrf51.o(.text)
    CCM_AAR_IRQHandler                       0x00018159   Thumb Code     0  arm_startup_nrf51.o(.text)
    ECB_IRQHandler                           0x00018159   Thumb Code     0  arm_startup_nrf51.o(.text)
    LPCOMP_IRQHandler                        0x00018159   Thumb Code     0  arm_startup_nrf51.o(.text)
    POWER_CLOCK_IRQHandler                   0x00018159   Thumb Code     0  arm_startup_nrf51.o(.text)
    QDEC_IRQHandler                          0x00018159   Thumb Code     0  arm_startup_nrf51.o(.text)
    RADIO_IRQHandler                         0x00018159   Thumb Code     0  arm_startup_nrf51.o(.text)
    RNG_IRQHandler                           0x00018159   Thumb Code     0  arm_startup_nrf51.o(.text)
    RTC0_IRQHandler                          0x00018159   Thumb Code     0  arm_startup_nrf51.o(.text)
    SPI0_TWI0_IRQHandler                     0x00018159   Thumb Code     0  arm_startup_nrf51.o(.text)
    SPI1_TWI1_IRQHandler                     0x00018159   Thumb Code     0  arm_startup_nrf51.o(.text)
    SWI1_IRQHandler                          0x00018159   Thumb Code     0  arm_startup_nrf51.o(.text)
    SWI3_IRQHandler                          0x00018159   Thumb Code     0  arm_startup_nrf51.o(.text)
    SWI4_IRQHandler                          0x00018159   Thumb Code     0  arm_startup_nrf51.o(.text)
    SWI5_IRQHandler                          0x00018159   Thumb Code     0  arm_startup_nrf51.o(.text)
    TEMP_IRQHandler                          0x00018159   Thumb Code     0  arm_startup_nrf51.o(.text)
    TIMER0_IRQHandler                        0x00018159   Thumb Code     0  arm_startup_nrf51.o(.text)
    TIMER1_IRQHandler                        0x00018159   Thumb Code     0  arm_startup_nrf51.o(.text)
    TIMER2_IRQHandler                        0x00018159   Thumb Code     0  arm_startup_nrf51.o(.text)
    WDT_IRQHandler                           0x00018159   Thumb Code     0  arm_startup_nrf51.o(.text)
    __aeabi_uidiv                            0x0001816d   Thumb Code     0  uidiv.o(.text)
    __aeabi_uidivmod                         0x0001816d   Thumb Code    44  uidiv.o(.text)
    __aeabi_idiv                             0x00018199   Thumb Code     0  idiv.o(.text)
    __aeabi_idivmod                          0x00018199   Thumb Code    40  idiv.o(.text)
    __aeabi_memcpy                           0x000181c1   Thumb Code    36  memcpya.o(.text)
    __aeabi_memcpy4                          0x000181c1   Thumb Code     0  memcpya.o(.text)
    __aeabi_memcpy8                          0x000181c1   Thumb Code     0  memcpya.o(.text)
    __aeabi_memset                           0x000181e5   Thumb Code    14  memseta.o(.text)
    __aeabi_memset4                          0x000181e5   Thumb Code     0  memseta.o(.text)
    __aeabi_memset8                          0x000181e5   Thumb Code     0  memseta.o(.text)
    __aeabi_memclr                           0x000181f3   Thumb Code     4  memseta.o(.text)
    __aeabi_memclr4                          0x000181f3   Thumb Code     0  memseta.o(.text)
    __aeabi_memclr8                          0x000181f3   Thumb Code     0  memseta.o(.text)
    _memset$wrapper                          0x000181f7   Thumb Code    18  memseta.o(.text)
    strlen                                   0x00018209   Thumb Code    14  strlen.o(.text)
    memcmp                                   0x00018217   Thumb Code    26  memcmp.o(.text)
    __aeabi_fadd                             0x00018231   Thumb Code   162  fadd.o(.text)
    __aeabi_fsub                             0x000182d3   Thumb Code     8  fadd.o(.text)
    __aeabi_frsub                            0x000182db   Thumb Code     8  fadd.o(.text)
    __aeabi_fmul                             0x000182e3   Thumb Code   122  fmul.o(.text)
    __aeabi_dadd                             0x0001835d   Thumb Code   328  dadd.o(.text)
    __aeabi_dsub                             0x000184a5   Thumb Code    12  dadd.o(.text)
    __aeabi_drsub                            0x000184b1   Thumb Code    12  dadd.o(.text)
    __aeabi_dmul                             0x000184c1   Thumb Code   202  dmul.o(.text)
    __aeabi_i2f                              0x00018591   Thumb Code    22  fflti.o(.text)
    __aeabi_ui2f                             0x000185a7   Thumb Code    14  ffltui.o(.text)
    __aeabi_ui2d                             0x000185b5   Thumb Code    24  dfltui.o(.text)
    __aeabi_f2iz                             0x000185d1   Thumb Code    50  ffixi.o(.text)
    __aeabi_f2uiz                            0x00018603   Thumb Code    40  ffixui.o(.text)
    __aeabi_cdrcmple                         0x0001862d   Thumb Code    38  cdrcmple.o(.text)
    __aeabi_d2f                              0x00018655   Thumb Code    56  d2f.o(.text)
    __aeabi_uldivmod                         0x0001868d   Thumb Code    96  uldiv.o(.text)
    __aeabi_llsl                             0x000186ed   Thumb Code    32  llshl.o(.text)
    _ll_shift_l                              0x000186ed   Thumb Code     0  llshl.o(.text)
    __aeabi_lasr                             0x0001870d   Thumb Code    38  llsshr.o(.text)
    _ll_sshift_r                             0x0001870d   Thumb Code     0  llsshr.o(.text)
    __I$use$fp                               0x00018733   Thumb Code     0  iusefp.o(.text)
    _float_round                             0x00018733   Thumb Code    16  fepilogue.o(.text)
    _float_epilogue                          0x00018743   Thumb Code   114  fepilogue.o(.text)
    _double_round                            0x000187b5   Thumb Code    26  depilogue.o(.text)
    _double_epilogue                         0x000187cf   Thumb Code   164  depilogue.o(.text)
    __scatterload                            0x00018875   Thumb Code    28  init.o(.text)
    __scatterload_rt2                        0x00018875   Thumb Code     0  init.o(.text)
    __aeabi_llsr                             0x00018899   Thumb Code    34  llushr.o(.text)
    _ll_ushift_r                             0x00018899   Thumb Code     0  llushr.o(.text)
    ADC_IRQHandler                           0x000188bd   Thumb Code    24  main.o(i.ADC_IRQHandler)
    DelayMicroSeconds                        0x000188e5   Thumb Code     8  i2c_hal.o(i.DelayMicroSeconds)
    GPIOTE_IRQHandler                        0x000188ed   Thumb Code   238  nrf_drv_gpiote.o(i.GPIOTE_IRQHandler)
    I2c_Init                                 0x000189f9   Thumb Code    30  i2c_hal.o(i.I2c_Init)
    I2c_ReadByte                             0x00018a25   Thumb Code   122  i2c_hal.o(i.I2c_ReadByte)
    I2c_StartCondition                       0x00018ab1   Thumb Code    44  i2c_hal.o(i.I2c_StartCondition)
    I2c_StopCondition                        0x00018ae9   Thumb Code    44  i2c_hal.o(i.I2c_StopCondition)
    I2c_WriteByte                            0x00018b25   Thumb Code   116  i2c_hal.o(i.I2c_WriteByte)
    RTC1_IRQHandler                          0x00018ba9   Thumb Code   138  app_timer.o(i.RTC1_IRQHandler)
    SHT2x_CalcRH                             0x00018c4d   Thumb Code    32  sht2x.o(i.SHT2x_CalcRH)
    SHT2x_CalcTemperatureC                   0x00018c75   Thumb Code    32  sht2x.o(i.SHT2x_CalcTemperatureC)
    SHT2x_MeasurePoll                        0x00018ca5   Thumb Code   188  sht2x.o(i.SHT2x_MeasurePoll)
    SHT2x_SoftReset                          0x00018d65   Thumb Code    38  sht2x.o(i.SHT2x_SoftReset)
    SWI0_IRQHandler                          0x00018d91   Thumb Code     8  app_timer.o(i.SWI0_IRQHandler)
    SWI2_IRQHandler                          0x00018d99   Thumb Code   146  softdevice_handler.o(i.SWI2_IRQHandler)
    SystemInit                               0x00018e31   Thumb Code   108  system_nrf51.o(i.SystemInit)
    UART0_IRQHandler                         0x00018eb1   Thumb Code   106  app_uart.o(i.UART0_IRQHandler)
    __0sprintf$8                             0x00018f31   Thumb Code    36  printf8.o(i.__0sprintf$8)
    __1sprintf$8                             0x00018f31   Thumb Code     0  printf8.o(i.__0sprintf$8)
    __2sprintf                               0x00018f31   Thumb Code     0  printf8.o(i.__0sprintf$8)
    __ARM_clz                                0x00018f59   Thumb Code    46  depilogue.o(i.__ARM_clz)
    __ARM_common_memclr1_5                   0x00018f87   Thumb Code    14  main.o(i.__ARM_common_memclr1_5)
    __ARM_common_memclr1_6                   0x00018f95   Thumb Code    16  device_manager_peripheral.o(i.__ARM_common_memclr1_6)
    __ARM_common_memclr2_7                   0x00018fa5   Thumb Code    12  device_manager_peripheral.o(i.__ARM_common_memclr2_7)
    __ARM_common_memclr4_7                   0x00018fb1   Thumb Code    10  ble_advertising.o(i.__ARM_common_memclr4_7)
    __ARM_common_memcpy1_5                   0x00018fbb   Thumb Code    22  device_manager_peripheral.o(i.__ARM_common_memcpy1_5)
    __scatterload_copy                       0x00018fd1   Thumb Code    14  handlers.o(i.__scatterload_copy)
    __scatterload_null                       0x00018fdf   Thumb Code     2  handlers.o(i.__scatterload_null)
    __scatterload_zeroinit                   0x00018fe1   Thumb Code    14  handlers.o(i.__scatterload_zeroinit)
    add_characteristic_to_service            0x00019471   Thumb Code   202  our_service.o(i.add_characteristic_to_service)
    app_error_handler                        0x00019809   Thumb Code    50  main.o(i.app_error_handler)
    app_timer_create                         0x00019849   Thumb Code    82  app_timer.o(i.app_timer_create)
    app_timer_init                           0x000198a1   Thumb Code   252  app_timer.o(i.app_timer_init)
    app_timer_start                          0x000199c5   Thumb Code   216  app_timer.o(i.app_timer_start)
    app_timer_stop                           0x00019ab1   Thumb Code   184  app_timer.o(i.app_timer_stop)
    ble_advdata_set                          0x00019b79   Thumb Code    92  ble_advdata.o(i.ble_advdata_set)
    ble_advertising_init                     0x00019bd5   Thumb Code   344  ble_advertising.o(i.ble_advertising_init)
    ble_advertising_on_ble_evt               0x00019d65   Thumb Code   152  ble_advertising.o(i.ble_advertising_on_ble_evt)
    ble_advertising_on_sys_evt               0x00019e01   Thumb Code    44  ble_advertising.o(i.ble_advertising_on_sys_evt)
    ble_advertising_start                    0x00019e31   Thumb Code   512  ble_advertising.o(i.ble_advertising_start)
    ble_bas_battery_level_update             0x0001a045   Thumb Code   108  ble_bas.o(i.ble_bas_battery_level_update)
    ble_bas_init                             0x0001a0b5   Thumb Code   330  ble_bas.o(i.ble_bas_init)
    ble_bas_on_ble_evt                       0x0001a20d   Thumb Code    90  ble_bas.o(i.ble_bas_on_ble_evt)
    ble_conn_params_init                     0x0001a269   Thumb Code    88  ble_conn_params.o(i.ble_conn_params_init)
    ble_conn_params_on_ble_evt               0x0001a2d5   Thumb Code   164  ble_conn_params.o(i.ble_conn_params_on_ble_evt)
    ble_dis_init                             0x0001a381   Thumb Code   358  ble_dis.o(i.ble_dis_init)
    ble_srv_ascii_to_utf8                    0x0001a579   Thumb Code    18  ble_srv_common.o(i.ble_srv_ascii_to_utf8)
    ble_srv_report_ref_encode                0x0001a58b   Thumb Code    12  ble_srv_common.o(i.ble_srv_report_ref_encode)
    dm_ble_evt_handler                       0x0001ab51   Thumb Code  1150  device_manager_peripheral.o(i.dm_ble_evt_handler)
    dm_init                                  0x0001afd9   Thumb Code   246  device_manager_peripheral.o(i.dm_init)
    dm_register                              0x0001b2a1   Thumb Code    98  device_manager_peripheral.o(i.dm_register)
    main                                     0x0001b711   Thumb Code   698  main.o(i.main)
    nrf_delay_ms                             0x0001bbf5   Thumb Code    30  nrf_delay.o(i.nrf_delay_ms)
    our_service_init                         0x0001bcf9   Thumb Code   126  our_service.o(i.our_service_init)
    pstorage_access_status_get               0x0001bd7d   Thumb Code    30  pstorage.o(i.pstorage_access_status_get)
    pstorage_block_identifier_get            0x0001bda5   Thumb Code    86  pstorage.o(i.pstorage_block_identifier_get)
    pstorage_clear                           0x0001be05   Thumb Code   150  pstorage.o(i.pstorage_clear)
    pstorage_init                            0x0001bea5   Thumb Code   104  pstorage.o(i.pstorage_init)
    pstorage_load                            0x0001bf21   Thumb Code   136  pstorage.o(i.pstorage_load)
    pstorage_register                        0x0001bfb1   Thumb Code   198  pstorage.o(i.pstorage_register)
    pstorage_store                           0x0001c085   Thumb Code   114  pstorage.o(i.pstorage_store)
    pstorage_sys_event_handler               0x0001c101   Thumb Code   110  pstorage.o(i.pstorage_sys_event_handler)
    pstorage_update                          0x0001c181   Thumb Code   114  pstorage.o(i.pstorage_update)
    set_humidity                             0x0001c1fd   Thumb Code    98  our_service.o(i.set_humidity)
    set_humidity_log                         0x0001c265   Thumb Code    64  our_service.o(i.set_humidity_log)
    set_temperature                          0x0001c2a9   Thumb Code   152  our_service.o(i.set_temperature)
    set_temperature_log                      0x0001c349   Thumb Code   130  our_service.o(i.set_temperature_log)
    softdevice_assertion_handler             0x0001c511   Thumb Code    12  softdevice_handler.o(i.softdevice_assertion_handler)
    softdevice_ble_evt_handler_set           0x0001c51d   Thumb Code    16  softdevice_handler.o(i.softdevice_ble_evt_handler_set)
    softdevice_handler_init                  0x0001c531   Thumb Code    48  softdevice_handler.o(i.softdevice_handler_init)
    softdevice_sys_evt_handler_set           0x0001c569   Thumb Code    16  softdevice_handler.o(i.softdevice_sys_evt_handler_set)
    m_context_init_len                       0x0001cd88   Data           4  device_manager_peripheral.o(.constdata)
    m_service_context_store                  0x0001cd8c   Data          16  device_manager_peripheral.o(.constdata)
    m_service_context_load                   0x0001cd9c   Data          16  device_manager_peripheral.o(.constdata)
    m_service_context_apply                  0x0001cdac   Data          16  device_manager_peripheral.o(.constdata)
    Region$$Table$$Base                      0x0001cde4   Number         0  anon$$obj.o(Region$$Table)
    Region$$Table$$Limit                     0x0001ce04   Number         0  anon$$obj.o(Region$$Table)
    log_counter                              0x20002000   Data           1  main.o(.data)
    battery_value_raw                        0x20002004   Data           4  main.o(.data)
    temp_storage_struct                      0x2000200c   Data           8  main.o(.data)
    SystemCoreClock                          0x20002118   Data           4  system_nrf51.o(.data)
    temp_log                                 0x20002434   Data         255  main.o(.bss)
    humidity_log                             0x20002533   Data         255  main.o(.bss)
    m_our_service                            0x20002632   Data          34  main.o(.bss)
    __initial_sp                             0x200031f0   Data           0  arm_startup_nrf51.o(STACK)



==============================================================================

Memory Map of the image

  Image Entry point : 0x000180c1

  Load Region LR_IROM1 (Base: 0x00018000, Size: 0x00004f20, Max: 0x00028000, ABSOLUTE)

    Execution Region ER_IROM1 (Base: 0x00018000, Size: 0x00004e04, Max: 0x00028000, ABSOLUTE)

    Base Addr    Size         Type   Attr      Idx    E Section Name        Object

    0x00018000   0x000000c0   Data   RO         1876    RESET               arm_startup_nrf51.o
    0x000180c0   0x00000000   Code   RO         1913  * .ARM.Collect$$$$00000000  mc_p.l(entry.o)
    0x000180c0   0x00000004   Code   RO         2213    .ARM.Collect$$$$00000001  mc_p.l(entry2.o)
    0x000180c4   0x00000004   Code   RO         2216    .ARM.Collect$$$$00000004  mc_p.l(entry5.o)
    0x000180c8   0x00000000   Code   RO         2218    .ARM.Collect$$$$00000008  mc_p.l(entry7b.o)
    0x000180c8   0x00000000   Code   RO         2220    .ARM.Collect$$$$0000000A  mc_p.l(entry8b.o)
    0x000180c8   0x00000008   Code   RO         2221    .ARM.Collect$$$$0000000B  mc_p.l(entry9a.o)
    0x000180d0   0x00000000   Code   RO         2223    .ARM.Collect$$$$0000000D  mc_p.l(entry10a.o)
    0x000180d0   0x00000000   Code   RO         2225    .ARM.Collect$$$$0000000F  mc_p.l(entry11a.o)
    0x000180d0   0x00000004   Code   RO         2214    .ARM.Collect$$$$00002712  mc_p.l(entry2.o)
    0x000180d4   0x0000001e   Code   RO         1102    .emb_text           nrf_delay.o
    0x000180f2   0x00000002   PAD
    0x000180f4   0x0000001e   Code   RO         1540    .emb_text           app_timer.o
    0x00018112   0x00000002   PAD
    0x00018114   0x0000001e   Code   RO         1751    .emb_text           i2c_hal.o
    0x00018132   0x00000002   PAD
    0x00018134   0x00000038   Code   RO         1877    .text               arm_startup_nrf51.o
    0x0001816c   0x0000002c   Code   RO         1916    .text               mc_p.l(uidiv.o)
    0x00018198   0x00000028   Code   RO         1918    .text               mc_p.l(idiv.o)
    0x000181c0   0x00000024   Code   RO         1920    .text               mc_p.l(memcpya.o)
    0x000181e4   0x00000024   Code   RO         1922    .text               mc_p.l(memseta.o)
    0x00018208   0x0000000e   Code   RO         1924    .text               mc_p.l(strlen.o)
    0x00018216   0x0000001a   Code   RO         1926    .text               mc_p.l(memcmp.o)
    0x00018230   0x000000b2   Code   RO         2191    .text               mf_p.l(fadd.o)
    0x000182e2   0x0000007a   Code   RO         2193    .text               mf_p.l(fmul.o)
    0x0001835c   0x00000164   Code   RO         2195    .text               mf_p.l(dadd.o)
    0x000184c0   0x000000d0   Code   RO         2197    .text               mf_p.l(dmul.o)
    0x00018590   0x00000016   Code   RO         2199    .text               mf_p.l(fflti.o)
    0x000185a6   0x0000000e   Code   RO         2201    .text               mf_p.l(ffltui.o)
    0x000185b4   0x0000001c   Code   RO         2203    .text               mf_p.l(dfltui.o)
    0x000185d0   0x00000032   Code   RO         2205    .text               mf_p.l(ffixi.o)
    0x00018602   0x00000028   Code   RO         2207    .text               mf_p.l(ffixui.o)
    0x0001862a   0x00000002   PAD
    0x0001862c   0x00000028   Code   RO         2209    .text               mf_p.l(cdrcmple.o)
    0x00018654   0x00000038   Code   RO         2211    .text               mf_p.l(d2f.o)
    0x0001868c   0x00000060   Code   RO         2227    .text               mc_p.l(uldiv.o)
    0x000186ec   0x00000020   Code   RO         2229    .text               mc_p.l(llshl.o)
    0x0001870c   0x00000026   Code   RO         2231    .text               mc_p.l(llsshr.o)
    0x00018732   0x00000000   Code   RO         2233    .text               mc_p.l(iusefp.o)
    0x00018732   0x00000082   Code   RO         2234    .text               mf_p.l(fepilogue.o)
    0x000187b4   0x000000be   Code   RO         2236    .text               mf_p.l(depilogue.o)
    0x00018872   0x00000002   PAD
    0x00018874   0x00000024   Code   RO         2244    .text               mc_p.l(init.o)
    0x00018898   0x00000022   Code   RO         2246    .text               mc_p.l(llushr.o)
    0x000188ba   0x00000002   PAD
    0x000188bc   0x00000028   Code   RO            4    i.ADC_IRQHandler    main.o
    0x000188e4   0x00000008   Code   RO         1752    i.DelayMicroSeconds  i2c_hal.o
    0x000188ec   0x0000010c   Code   RO         1159    i.GPIOTE_IRQHandler  nrf_drv_gpiote.o
    0x000189f8   0x0000002c   Code   RO         1753    i.I2c_Init          i2c_hal.o
    0x00018a24   0x0000008c   Code   RO         1754    i.I2c_ReadByte      i2c_hal.o
    0x00018ab0   0x00000038   Code   RO         1755    i.I2c_StartCondition  i2c_hal.o
    0x00018ae8   0x0000003c   Code   RO         1756    i.I2c_StopCondition  i2c_hal.o
    0x00018b24   0x00000084   Code   RO         1757    i.I2c_WriteByte     i2c_hal.o
    0x00018ba8   0x000000a4   Code   RO         1541    i.RTC1_IRQHandler   app_timer.o
    0x00018c4c   0x00000028   Code   RO         1805    i.SHT2x_CalcRH      sht2x.o
    0x00018c74   0x00000030   Code   RO         1806    i.SHT2x_CalcTemperatureC  sht2x.o
    0x00018ca4   0x000000c0   Code   RO         1810    i.SHT2x_MeasurePoll  sht2x.o
    0x00018d64   0x0000002c   Code   RO         1812    i.SHT2x_SoftReset   sht2x.o
    0x00018d90   0x00000008   Code   RO         1542    i.SWI0_IRQHandler   app_timer.o
    0x00018d98   0x00000098   Code   RO         1684    i.SWI2_IRQHandler   softdevice_handler.o
    0x00018e30   0x00000080   Code   RO         1884    i.SystemInit        system_nrf51.o
    0x00018eb0   0x00000080   Code   RO         1006    i.UART0_IRQHandler  app_uart.o
    0x00018f30   0x00000028   Code   RO         2139    i.__0sprintf$8      mc_p.l(printf8.o)
    0x00018f58   0x0000002e   Code   RO         2238    i.__ARM_clz         mf_p.l(depilogue.o)
    0x00018f86   0x0000000e   Code   RO           86    i.__ARM_common_memclr1_5  main.o
    0x00018f94   0x00000010   Code   RO          938    i.__ARM_common_memclr1_6  device_manager_peripheral.o
    0x00018fa4   0x0000000c   Code   RO          940    i.__ARM_common_memclr2_7  device_manager_peripheral.o
    0x00018fb0   0x0000000a   Code   RO          605    i.__ARM_common_memclr4_7  ble_advertising.o
    0x00018fba   0x00000016   Code   RO          936    i.__ARM_common_memcpy1_5  device_manager_peripheral.o
    0x00018fd0   0x0000000e   Code   RO         2250    i.__scatterload_copy  mc_p.l(handlers.o)
    0x00018fde   0x00000002   Code   RO         2251    i.__scatterload_null  mc_p.l(handlers.o)
    0x00018fe0   0x0000000e   Code   RO         2252    i.__scatterload_zeroinit  mc_p.l(handlers.o)
    0x00018fee   0x00000002   PAD
    0x00018ff0   0x00000428   Code   RO         2144    i._printf_core      mc_p.l(printf8.o)
    0x00019418   0x00000020   Code   RO         2145    i._printf_post_padding  mc_p.l(printf8.o)
    0x00019438   0x0000002c   Code   RO         2146    i._printf_pre_padding  mc_p.l(printf8.o)
    0x00019464   0x0000000a   Code   RO         2148    i._sputc            mc_p.l(printf8.o)
    0x0001946e   0x00000002   PAD
    0x00019470   0x000000d0   Code   RO          276    i.add_characteristic_to_service  our_service.o
    0x00019540   0x000002c8   Code   RO          521    i.adv_data_encode   ble_advdata.o
    0x00019808   0x00000040   Code   RO            5    i.app_error_handler  main.o
    0x00019848   0x00000058   Code   RO         1545    i.app_timer_create  app_timer.o
    0x000198a0   0x00000124   Code   RO         1546    i.app_timer_init    app_timer.o
    0x000199c4   0x000000ec   Code   RO         1547    i.app_timer_start   app_timer.o
    0x00019ab0   0x000000c8   Code   RO         1548    i.app_timer_stop    app_timer.o
    0x00019b78   0x0000005c   Code   RO          522    i.ble_advdata_set   ble_advdata.o
    0x00019bd4   0x00000190   Code   RO          551    i.ble_advertising_init  ble_advertising.o
    0x00019d64   0x0000009c   Code   RO          552    i.ble_advertising_on_ble_evt  ble_advertising.o
    0x00019e00   0x00000030   Code   RO          553    i.ble_advertising_on_sys_evt  ble_advertising.o
    0x00019e30   0x00000214   Code   RO          556    i.ble_advertising_start  ble_advertising.o
    0x0001a044   0x00000070   Code   RO          952    i.ble_bas_battery_level_update  ble_bas.o
    0x0001a0b4   0x00000158   Code   RO          953    i.ble_bas_init      ble_bas.o
    0x0001a20c   0x0000005a   Code   RO          954    i.ble_bas_on_ble_evt  ble_bas.o
    0x0001a266   0x00000002   PAD
    0x0001a268   0x0000006c   Code   RO          626    i.ble_conn_params_init  ble_conn_params.o
    0x0001a2d4   0x000000ac   Code   RO          627    i.ble_conn_params_on_ble_evt  ble_conn_params.o
    0x0001a380   0x000001b8   Code   RO          979    i.ble_dis_init      ble_dis.o
    0x0001a538   0x00000040   Code   RO            7    i.ble_evt_dispatch  main.o
    0x0001a578   0x00000012   Code   RO          681    i.ble_srv_ascii_to_utf8  ble_srv_common.o
    0x0001a58a   0x0000000c   Code   RO          682    i.ble_srv_report_ref_encode  ble_srv_common.o
    0x0001a596   0x00000002   PAD
    0x0001a598   0x00000098   Code   RO          980    i.char_add          ble_dis.o
    0x0001a630   0x00000108   Code   RO         1302    i.clear_operation_execute  pstorage.o
    0x0001a738   0x00000074   Code   RO         1303    i.cmd_queue_enqueue  pstorage.o
    0x0001a7ac   0x00000068   Code   RO         1304    i.command_end_procedure_run  pstorage.o
    0x0001a814   0x00000008   Code   RO            8    i.conn_params_error_handler  main.o
    0x0001a81c   0x00000070   Code   RO          629    i.conn_params_negotiation  ble_conn_params.o
    0x0001a88c   0x000000b8   Code   RO         1305    i.data_page_erase_state_run  pstorage.o
    0x0001a944   0x0000003c   Code   RO         1306    i.data_to_swap_write_state_run  pstorage.o
    0x0001a980   0x000000bc   Code   RO          713    i.device_context_store  device_manager_peripheral.o
    0x0001aa3c   0x00000104   Code   RO          714    i.device_instance_find  device_manager_peripheral.o
    0x0001ab40   0x00000010   Code   RO            9    i.device_manager_evt_handler  main.o
    0x0001ab50   0x00000488   Code   RO          719    i.dm_ble_evt_handler  device_manager_peripheral.o
    0x0001afd8   0x00000120   Code   RO          726    i.dm_init           device_manager_peripheral.o
    0x0001b0f8   0x000001a8   Code   RO          729    i.dm_pstorage_cb_handler  device_manager_peripheral.o
    0x0001b2a0   0x0000007c   Code   RO          730    i.dm_register       device_manager_peripheral.o
    0x0001b31c   0x000000ec   Code   RO         1307    i.flash_operation_success_run  pstorage.o
    0x0001b408   0x0000004c   Code   RO         1308    i.flash_write       pstorage.o
    0x0001b454   0x00000004   Code   RO          737    i.gattc_context_apply  device_manager_peripheral.o
    0x0001b458   0x00000004   Code   RO          738    i.gattc_context_load  device_manager_peripheral.o
    0x0001b45c   0x00000004   Code   RO          739    i.gattc_context_store  device_manager_peripheral.o
    0x0001b460   0x000000b4   Code   RO          740    i.gatts_context_apply  device_manager_peripheral.o
    0x0001b514   0x00000030   Code   RO          741    i.gatts_context_load  device_manager_peripheral.o
    0x0001b544   0x000000c0   Code   RO          742    i.gatts_context_store  device_manager_peripheral.o
    0x0001b604   0x00000008   Code   RO          743    i.gattsc_context_apply  device_manager_peripheral.o
    0x0001b60c   0x00000030   Code   RO          744    i.gattsc_context_load  device_manager_peripheral.o
    0x0001b63c   0x00000008   Code   RO          745    i.gattsc_context_store  device_manager_peripheral.o
    0x0001b644   0x000000cc   Code   RO         1309    i.head_restore_state_run  pstorage.o
    0x0001b710   0x0000034c   Code   RO           10    i.main              main.o
    0x0001ba5c   0x0000018c   Code   RO           12    i.measurement_timer_handler  main.o
    0x0001bbe8   0x00000004   Code   RO          746    i.no_service_context_apply  device_manager_peripheral.o
    0x0001bbec   0x00000004   Code   RO          747    i.no_service_context_load  device_manager_peripheral.o
    0x0001bbf0   0x00000004   Code   RO          748    i.no_service_context_store  device_manager_peripheral.o
    0x0001bbf4   0x00000024   Code   RO         1103    i.nrf_delay_ms      nrf_delay.o
    0x0001bc18   0x00000018   Code   RO           13    i.on_adv_evt        main.o
    0x0001bc30   0x00000024   Code   RO           14    i.on_conn_params_evt  main.o
    0x0001bc54   0x000000a4   Code   RO         1015    i.on_uart_event     app_uart.o
    0x0001bcf8   0x00000084   Code   RO          278    i.our_service_init  our_service.o
    0x0001bd7c   0x00000028   Code   RO         1310    i.pstorage_access_status_get  pstorage.o
    0x0001bda4   0x00000060   Code   RO         1311    i.pstorage_block_identifier_get  pstorage.o
    0x0001be04   0x000000a0   Code   RO         1312    i.pstorage_clear    pstorage.o
    0x0001bea4   0x0000007c   Code   RO         1313    i.pstorage_init     pstorage.o
    0x0001bf20   0x00000090   Code   RO         1314    i.pstorage_load     pstorage.o
    0x0001bfb0   0x000000d4   Code   RO         1315    i.pstorage_register  pstorage.o
    0x0001c084   0x0000007c   Code   RO         1316    i.pstorage_store    pstorage.o
    0x0001c100   0x00000080   Code   RO         1317    i.pstorage_sys_event_handler  pstorage.o
    0x0001c180   0x0000007c   Code   RO         1318    i.pstorage_update   pstorage.o
    0x0001c1fc   0x00000068   Code   RO          280    i.set_humidity      our_service.o
    0x0001c264   0x00000044   Code   RO          281    i.set_humidity_log  our_service.o
    0x0001c2a8   0x000000a0   Code   RO          282    i.set_temperature   our_service.o
    0x0001c348   0x00000088   Code   RO          283    i.set_temperature_log  our_service.o
    0x0001c3d0   0x00000140   Code   RO         1319    i.sm_state_change   pstorage.o
    0x0001c510   0x0000000c   Code   RO         1686    i.softdevice_assertion_handler  softdevice_handler.o
    0x0001c51c   0x00000014   Code   RO         1687    i.softdevice_ble_evt_handler_set  softdevice_handler.o
    0x0001c530   0x00000038   Code   RO         1688    i.softdevice_handler_init  softdevice_handler.o
    0x0001c568   0x00000014   Code   RO         1690    i.softdevice_sys_evt_handler_set  softdevice_handler.o
    0x0001c57c   0x00000050   Code   RO         1320    i.state_erase_data_page_entry_run  pstorage.o
    0x0001c5cc   0x00000040   Code   RO         1321    i.state_restore_head_entry_run  pstorage.o
    0x0001c60c   0x0000005c   Code   RO         1322    i.state_restore_tail_entry_run  pstorage.o
    0x0001c668   0x00000080   Code   RO         1323    i.state_swap_erase_entry_run  pstorage.o
    0x0001c6e8   0x00000044   Code   RO         1324    i.state_write_data_swap_entry_run  pstorage.o
    0x0001c72c   0x00000004   Code   RO          749    i.storage_operation_dummy_handler  device_manager_peripheral.o
    0x0001c730   0x00000028   Code   RO         1325    i.swap_erase_state_run  pstorage.o
    0x0001c758   0x00000010   Code   RO           15    i.sys_evt_dispatch  main.o
    0x0001c768   0x00000048   Code   RO         1326    i.tail_restore_state_run  pstorage.o
    0x0001c7b0   0x00000400   Code   RO         1550    i.timer_list_handler  app_timer.o
    0x0001cbb0   0x00000068   Code   RO          630    i.update_timeout_handler  ble_conn_params.o
    0x0001cc18   0x00000148   Code   RO          523    i.uuid_list_encode  ble_advdata.o
    0x0001cd60   0x00000008   Data   RO           17    .constdata          main.o
    0x0001cd68   0x00000020   Data   RO          284    .constdata          our_service.o
    0x0001cd88   0x00000034   Data   RO          751    .constdata          device_manager_peripheral.o
    0x0001cdbc   0x00000028   Data   RO         1328    .constdata          pstorage.o
    0x0001cde4   0x00000020   Data   RO         2248    Region$$Table       anon$$obj.o


    Execution Region RW_IRAM1 (Base: 0x20002000, Size: 0x000011f0, Max: 0x00002000, ABSOLUTE)

    Base Addr    Size         Type   Attr      Idx    E Section Name        Object

    0x20002000   0x00000014   Data   RW           18    .data               main.o
    0x20002014   0x0000001f   Data   RW          559    .data               ble_advertising.o
    0x20002033   0x00000001   PAD
    0x20002034   0x00000018   Data   RW          632    .data               ble_conn_params.o
    0x2000204c   0x00000018   Data   RW          752    .data               device_manager_peripheral.o
    0x20002064   0x0000004a   Data   RW          981    .data               ble_dis.o
    0x200020ae   0x00000002   PAD
    0x200020b0   0x0000000c   Data   RW         1017    .data               app_uart.o
    0x200020bc   0x00000024   Data   RW         1329    .data               pstorage.o
    0x200020e0   0x00000024   Data   RW         1551    .data               app_timer.o
    0x20002104   0x00000014   Data   RW         1691    .data               softdevice_handler.o
    0x20002118   0x00000004   Data   RW         1885    .data               system_nrf51.o
    0x2000211c   0x00000538   Zero   RW           16    .bss                main.o
    0x20002654   0x000000fb   Zero   RW          558    .bss                ble_advertising.o
    0x2000274f   0x00000001   PAD
    0x20002750   0x0000001c   Zero   RW          631    .bss                ble_conn_params.o
    0x2000276c   0x0000014f   Zero   RW          750    .bss                device_manager_peripheral.o
    0x200028bb   0x00000001   PAD
    0x200028bc   0x0000004c   Zero   RW         1179    .bss                nrf_drv_gpiote.o
    0x20002908   0x000000e4   Zero   RW         1327    .bss                pstorage.o
    0x200029ec   0x00000004   PAD
    0x200029f0   0x00000800   Zero   RW         1874    STACK               arm_startup_nrf51.o


==============================================================================

Image component sizes


      Code (inc. data)   RO Data    RW Data    ZI Data      Debug   Object Name

      2042        156          0         36          0      25047   app_timer.o
       292         42          0         12          0       8404   app_uart.o
        56         18        192          0       2048        716   arm_startup_nrf51.o
      1132          4          0          0          0      11062   ble_advdata.o
      1146         84          0         31        251      12289   ble_advertising.o
       546         18          0          0          0       5723   ble_bas.o
       496         64          0         24         28      11692   ble_conn_params.o
       592         88          0         74          0       5499   ble_dis.o
        30          0          0          0          0       2224   ble_srv_common.o
         0          0          0          0          0      18436   bsp.o
      3006        304         52         24        335      29855   device_manager_peripheral.o
       470         76          0          0          0       6055   i2c_hal.o
      1522        276          8         20       1336      94339   main.o
        66          6          0          0          0       1743   nrf_delay.o
         0          0          0          0          0        760   nrf_drv_common.o
       268         30          0          0         76      11557   nrf_drv_gpiote.o
       808         36         32          0          0      44948   our_service.o
      3260        310         40         36        228      32486   pstorage.o
       324         34          0          0          0       3487   sht2x.o
       260         22          0         20          0      10216   softdevice_handler.o
       128         20          0          4          0       1663   system_nrf51.o

    ----------------------------------------------------------------------
     16454       1588        356        284       4308     338201   Object Totals
         0          0         32          0          0          0   (incl. Generated)
        10          0          0          3          6          0   (incl. Padding)

    ----------------------------------------------------------------------

      Code (inc. data)   RO Data    RW Data    ZI Data      Debug   Library Member Name

         0          0          0          0          0          0   entry.o
         0          0          0          0          0          0   entry10a.o
         0          0          0          0          0          0   entry11a.o
         8          4          0          0          0          0   entry2.o
         4          0          0          0          0          0   entry5.o
         0          0          0          0          0          0   entry7b.o
         0          0          0          0          0          0   entry8b.o
         8          4          0          0          0          0   entry9a.o
        30          0          0          0          0          0   handlers.o
        40          0          0          0          0         72   idiv.o
        36          8          0          0          0         68   init.o
         0          0          0          0          0          0   iusefp.o
        32          0          0          0          0         68   llshl.o
        38          0          0          0          0         68   llsshr.o
        34          0          0          0          0         68   llushr.o
        26          0          0          0          0         72   memcmp.o
        36          0          0          0          0         60   memcpya.o
        36          0          0          0          0        100   memseta.o
      1190         48          0          0          0        384   printf8.o
        14          0          0          0          0         60   strlen.o
        44          0          0          0          0         72   uidiv.o
        96          0          0          0          0         84   uldiv.o
        40          2          0          0          0         68   cdrcmple.o
        56          0          0          0          0         68   d2f.o
       356          4          0          0          0        140   dadd.o
       236          0          0          0          0        216   depilogue.o
        28          4          0          0          0         68   dfltui.o
       208          6          0          0          0         88   dmul.o
       178          0          0          0          0        108   fadd.o
       130          0          0          0          0        144   fepilogue.o
        50          0          0          0          0         60   ffixi.o
        40          0          0          0          0         60   ffixui.o
        22          0          0          0          0         68   fflti.o
        14          0          0          0          0         68   ffltui.o
       122          0          0          0          0         72   fmul.o

    ----------------------------------------------------------------------
      3162         80          0          0          0       2404   Library Totals
        10          0          0          0          0          0   (incl. Padding)

    ----------------------------------------------------------------------

      Code (inc. data)   RO Data    RW Data    ZI Data      Debug   Library Name

      1672         64          0          0          0       1176   mc_p.l
      1480         16          0          0          0       1228   mf_p.l

    ----------------------------------------------------------------------
      3162         80          0          0          0       2404   Library Totals

    ----------------------------------------------------------------------

==============================================================================


      Code (inc. data)   RO Data    RW Data    ZI Data      Debug   

     19616       1668        356        284       4308     334565   Grand Totals
     19616       1668        356        284       4308     334565   ELF Image Totals
     19616       1668        356        284          0          0   ROM Totals

==============================================================================

    Total RO  Size (Code + RO Data)                19972 (  19.50kB)
    Total RW  Size (RW Data + ZI Data)              4592 (   4.48kB)
    Total ROM Size (Code + RO Data + RW Data)      20256 (  19.78kB)

==============================================================================

